// Jest Snapshot v1, https://goo.gl/fbAQLP

exports[`Header testing Snapshot testing 1`] = `
<div
  className="flex items-center justify-between p-4  w-full bg-black top-0 h-[192] pb-[30px] "
>
  <div>
    <img
      alt="logo"
      className="h-5 w-5 sm:pl-30"
      src="images/Back.png"
    />
  </div>
  <div
    className="flex item-center group"
  >
    <img
      alt="logo"
      className="h-5 w-5 pl-100 block group-hover:hidden"
      src="images/search.png"
    />
    <input
      className="text-black hidden group-hover:block"
      onChange={[Function]}
      placeholder="Search movie.."
      type="text"
    />
  </div>
</div>
`;
